---
source: tui/src/app/tests/plan_handoff_deferred.rs
expression: "render_bottom_popup(&app.chat_widget, 80)"
---
  Discard the deferred handoff plan?
  Continuing to edit an earlier prompt will discard the plan waiting for your
  next prompt.


› 1. Keep the handoff plan                    Return to the current thread.
  2. Discard plan and edit an earlier prompt

  enter select · esc back
