---
source: tui/src/bottom_pane/chat_composer.rs
assertion_line: 5027
expression: terminal.backend()
---
"                                                                        "
"› /jira-summary                                                         "
"                                                                        "
"                                                                        "
"                                                                        "
"                                                                        "
"                                                                        "
"                                                                        "
"  /jira-summary  Jira Summary                                           "
