---
source: tui/src/bottom_pane/chat_composer.rs
assertion_line: 5375
expression: terminal.backend()
---
"                                            "
"› /code-review --assignee <string>          "
"                                            "
"                                            "
"                                            "
"                                            "
"                                            "
"                                            "
"                         100% context left  "
