---
source: tui/src/bottom_pane/chat_composer.rs
expression: terminal.backend()
---
"                                            "
"› /code-review --a                          "
"                                            "
"                                            "
"                                            "
"                                            "
"  /code-review              Code Review     "
"    --assignee <string>     Assign a        "
"                            reviewer        "
