---
source: tui/src/bottom_pane/chat_composer.rs
assertion_line: 5386
expression: terminal.backend()
---
"                                                                            "
"› /code-review --reportId 1034 --format summary                             "
"                                                                            "
"                                                                            "
"                                                                            "
"                                                                            "
"                                                                            "
"                                                                            "
"                                                         100% context left  "
