---
source: tui/src/bottom_pane/chat_composer.rs
expression: terminal.backend()
---
"                                                                            "
"› /code-review --report-id 1034 --format summary                            "
"                                                                            "
"                                                                            "
"                                                                            "
"                                                                            "
"                                                                            "
"                                                                            "
"                                                         100% context left  "
