---
source: tui/src/chatwidget/tests.rs
expression: popup
---
  Apply Codex config changes?

› 1. Apply Codex config changes   Create history bundle and apply the approved
                                  plan.
  2. Return to Codex investigate  Keep Codex mode read-only.
  3. Exit Codex mode              Return to Default mode for normal work.

  Press enter to confirm or esc to go back
