---
source: tui/src/history_cell/tests.rs
assertion_line: 1160
expression: rendered
---
╭─────────────────────────────────────────────────────╮
│ ✨ Update available! 0.0.0 -> 9.9.9                 │
│ Run pnpm add -g @openai/codex to update.            │
│                                                     │
│ See full release notes:                             │
│ https://github.com/dkropachev/codex/releases/latest │
╰─────────────────────────────────────────────────────╯
