---
source: tui/src/history_cell/tests.rs
expression: rendered
---
╭─────────────────────────────────────────────────────╮
│ ✨ Update available! <VERSION> -> 9.9.9             │
│ Download the latest release:                        │
│ https://github.com/dkropachev/codex/releases/latest │
╰─────────────────────────────────────────────────────╯
